
> nextn@0.1.0 build
> cross-env NODE_ENV=production next build

