
> nextn@0.1.0 build
> cross-env NODE_ENV=production next build

   Γû▓ Next.js 15.3.8
   - Environments: .env

   Creating an optimized production build ...
node.exe : (node:40904) ExperimentalWarning: Type Stripping is an experimental 
feature and might change at any time
At C:\BSDMSetup\Node\npm.ps1:29 char:3
+   & $NODE_EXE $NPM_CLI_JS $args
+   ~~~~~~~~~~~~~~~~~~~~~~~~~~~~~
    + CategoryInfo          : NotSpecified: ((node:40904) Ex...nge at any time 
   :String) [], RemoteException
    + FullyQualifiedErrorId : NativeCommandError
 
(Use `node --trace-warnings ...` to show where the warning was created)
 Γ£ô Compiled successfully in 10.0s
   Skipping validation of types
   Skipping linting
   Collecting page data ...
≡ƒöä [MongoDB] Initializing MongoDB connection...
≡ƒôì [MongoDB] Connection URI: mongodb+srv://xmartycreator:****@cluster0.kclupy4.mongodb.net/xmartydb?appName=Cluster0&retryWrites=true&w=majority
ΓÜÖ∩╕Å  [MongoDB] Connection timeout: 50000ms, Server selection timeout: 30000ms
≡ƒöä [MongoDB] Initializing MongoDB connection...
≡ƒôì [MongoDB] Connection URI: mongodb+srv://xmartycreator:****@cluster0.kclupy4.mongodb.net/xmartydb?appName=Cluster0&retryWrites=true&w=majority
ΓÜÖ∩╕Å  [MongoDB] Connection timeout: 50000ms, Server selection timeout: 30000ms
≡ƒöä [MongoDB] Initializing MongoDB connection...
≡ƒôì [MongoDB] Connection URI: mongodb+srv://xmartycreator:****@cluster0.kclupy4.mongodb.net/xmartydb?appName=Cluster0&retryWrites=true&w=majority
ΓÜÖ∩╕Å  [MongoDB] Connection timeout: 50000ms, Server selection timeout: 30000ms
≡ƒöä [MongoDB] Initializing MongoDB connection...
≡ƒôì [MongoDB] Connection URI: mongodb+srv://xmartycreator:****@cluster0.kclupy4.mongodb.net/xmartydb?appName=Cluster0&retryWrites=true&w=majority
ΓÜÖ∩╕Å  [MongoDB] Connection timeout: 50000ms, Server selection timeout: 30000ms
≡ƒöä [MongoDB] Initializing MongoDB connection...
≡ƒôì [MongoDB] Connection URI: mongodb+srv://xmartycreator:****@cluster0.kclupy4.mongodb.net/xmartydb?appName=Cluster0&retryWrites=true&w=majority
ΓÜÖ∩╕Å  [MongoDB] Connection timeout: 50000ms, Server selection timeout: 30000ms
≡ƒöä [MongoDB] Initializing MongoDB connection...
≡ƒôì [MongoDB] Connection URI: mongodb+srv://xmartycreator:****@cluster0.kclupy4.mongodb.net/xmartydb?appName=Cluster0&retryWrites=true&w=majority
ΓÜÖ∩╕Å  [MongoDB] Connection timeout: 50000ms, Server selection timeout: 30000ms
Γ£à [MongoDB] Connected Successfully!
≡ƒôª [MongoDB] Pool size: min=5, max=20
Γ£à [MongoDB] Connected Successfully!
≡ƒôª [MongoDB] Pool size: min=5, max=20
Γ£à MongoDB Connected
Γ£à [MongoDB] Connected Successfully!
≡ƒôª [MongoDB] Pool size: min=5, max=20
≡ƒöä [MongoDB] Initializing MongoDB connection...
≡ƒôì [MongoDB] Connection URI: mongodb+srv://xmartycreator:****@cluster0.kclupy4.mongodb.net/xmartydb?appName=Cluster0&retryWrites=true&w=majority
ΓÜÖ∩╕Å  [MongoDB] Connection timeout: 50000ms, Server selection timeout: 30000ms
Γ£à [MongoDB] Connected Successfully!
≡ƒôª [MongoDB] Pool size: min=5, max=20
Γ£à [MongoDB] Connected Successfully!
≡ƒôª [MongoDB] Pool size: min=5, max=20
Γ£à [MongoDB] Connected Successfully!
≡ƒôª [MongoDB] Pool size: min=5, max=20
≡ƒöä [MongoDB] Initializing MongoDB connection...
≡ƒôì [MongoDB] Connection URI: mongodb+srv://xmartycreator:****@cluster0.kclupy4.mongodb.net/xmartydb?appName=Cluster0&retryWrites=true&w=majority
ΓÜÖ∩╕Å  [MongoDB] Connection timeout: 50000ms, Server selection timeout: 30000ms
≡ƒöä [MongoDB] Initializing MongoDB connection...
≡ƒôì [MongoDB] Connection URI: mongodb+srv://xmartycreator:****@cluster0.kclupy4.mongodb.net/xmartydb?appName=Cluster0&retryWrites=true&w=majority
ΓÜÖ∩╕Å  [MongoDB] Connection timeout: 50000ms, Server selection timeout: 30000ms
≡ƒöä [MongoDB] Initializing MongoDB connection...
≡ƒôì [MongoDB] Connection URI: mongodb+srv://xmartycreator:****@cluster0.kclupy4.mongodb.net/xmartydb?appName=Cluster0&retryWrites=true&w=majority
ΓÜÖ∩╕Å  [MongoDB] Connection timeout: 50000ms, Server selection timeout: 30000ms
Γ£à [MongoDB] Connected Successfully!
≡ƒôª [MongoDB] Pool size: min=5, max=20
Γ£à [MongoDB] Connected Successfully!
≡ƒôª [MongoDB] Pool size: min=5, max=20
Γ£à [MongoDB] Connected Successfully!
≡ƒôª [MongoDB] Pool size: min=5, max=20
Γ£à [MongoDB] Connected Successfully!
≡ƒôª [MongoDB] Pool size: min=5, max=20
   Generating static pages (0/112) ...
≡ƒöä [MongoDB] Initializing MongoDB connection...
≡ƒôì [MongoDB] Connection URI: mongodb+srv://xmartycreator:****@cluster0.kclupy4.mongodb.net/xmartydb?appName=Cluster0&retryWrites=true&w=majority
ΓÜÖ∩╕Å  [MongoDB] Connection timeout: 50000ms, Server selection timeout: 30000ms
≡ƒöä [MongoDB] Initializing MongoDB connection...
≡ƒôì [MongoDB] Connection URI: mongodb+srv://xmartycreator:****@cluster0.kclupy4.mongodb.net/xmartydb?appName=Cluster0&retryWrites=true&w=majority
ΓÜÖ∩╕Å  [MongoDB] Connection timeout: 50000ms, Server selection timeout: 30000ms
≡ƒöä [MongoDB] Initializing MongoDB connection...
≡ƒôì [MongoDB] Connection URI: mongodb+srv://xmartycreator:****@cluster0.kclupy4.mongodb.net/xmartydb?appName=Cluster0&retryWrites=true&w=majority
ΓÜÖ∩╕Å  [MongoDB] Connection timeout: 50000ms, Server selection timeout: 30000ms
≡ƒöä [MongoDB] Initializing MongoDB connection...
≡ƒôì [MongoDB] Connection URI: mongodb+srv://xmartycreator:****@cluster0.kclupy4.mongodb.net/xmartydb?appName=Cluster0&retryWrites=true&w=majority
ΓÜÖ∩╕Å  [MongoDB] Connection timeout: 50000ms, Server selection timeout: 30000ms
≡ƒöä [MongoDB] Initializing MongoDB connection...
≡ƒôì [MongoDB] Connection URI: mongodb+srv://xmartycreator:****@cluster0.kclupy4.mongodb.net/xmartydb?appName=Cluster0&retryWrites=true&w=majority
ΓÜÖ∩╕Å  [MongoDB] Connection timeout: 50000ms, Server selection timeout: 30000ms
Γ£à [MongoDB] Connected Successfully!
≡ƒôª [MongoDB] Pool size: min=5, max=20
   Generating static pages (28/112) 
Γ£à [MongoDB] Connected Successfully!
≡ƒôª [MongoDB] Pool size: min=5, max=20
Γ£à [MongoDB] Connected Successfully!
≡ƒôª [MongoDB] Pool size: min=5, max=20
Γ£à MongoDB Connected
Γ£à [MongoDB] Connected Successfully!
≡ƒôª [MongoDB] Pool size: min=5, max=20
Γ£à [MongoDB] Connected Successfully!
≡ƒôª [MongoDB] Pool size: min=5, max=20
   Generating static pages (56/112) 
Γ£à MongoDB Connected
Γ£à [About Page] About content loaded successfully
≡ƒôû [DB] Fetching content from MongoDB for slug: "gallery"...
?? [DB] Reading pages collection for slug: gallery
ΓÜá∩╕Å  [DB] No content found for slug: "gallery"
≡ƒôû [DB] Fetching content from MongoDB for slug: "home"...
?? [DB] Reading pages collection for slug: home
Γ£à [DB] Content found and cached for slug: "home"
?? [Home Testimonials] title= count=28
? [Home Page] Home content loaded successfully
?? [Home Page] Quick Access items: 4
?? [Home Page] Testimonials: 29
≡ƒôû [DB] Fetching content from MongoDB for slug: "gallery"...
?? [DB] Reading pages collection for slug: gallery
ΓÜá∩╕Å  [DB] No content found for slug: "gallery"
Γ£à [Image Service] Found image with ID: MukeshRaj2
? [About Page] Founder image fetched from database
Γ£à MongoDB Connected
Γ£à [Image Service] Found 1 out of 1 images
   Generating static pages (84/112) 
Γ£à MongoDB Connected
 Γ£ô Generating static pages (112/112)
   Finalizing page optimization ...
   Collecting build traces ...

Route (app)                                      Size  First Load JS  Revalidate  Expire
Γöî Γùï /                                         18.1 kB         227 kB          1m      1y
Γö£ Γùï /_not-found                                 990 B         103 kB
Γö£ Γùï /about                                    22.8 kB         233 kB          1m      1y
Γö£ Γùï /admin                                      319 B         102 kB
Γö£ Γùï /admin/courses                            6.12 kB         159 kB
Γö£ ╞Æ /admin/courses/[id]/edit                  2.94 kB         172 kB
Γö£ Γùï /admin/courses/bcece-le                   5.19 kB         158 kB
Γö£ Γùï /admin/courses/new                        2.53 kB         171 kB
Γö£ ╞Æ /admin/dashboard                          9.27 kB         178 kB
Γö£ Γùï /admin/dashboard/about                    8.08 kB         195 kB
Γö£ ╞Æ /admin/dashboard/admins                   4.83 kB         155 kB
Γö£ ╞Æ /admin/dashboard/analytics                6.79 kB         157 kB
Γö£ Γùï /admin/dashboard/appearance                4.4 kB         184 kB
Γö£ Γùï /admin/dashboard/blog                     6.89 kB         160 kB
Γö£ ╞Æ /admin/dashboard/blog/[slug]               1.4 kB         161 kB
Γö£ ╞Æ /admin/dashboard/blog/[slug]/edit         1.74 kB         161 kB
Γö£ Γùï /admin/dashboard/blog/new                 1.14 kB         160 kB
Γö£ ╞Æ /admin/dashboard/comments                   176 B         106 kB
Γö£ Γùï /admin/dashboard/community                5.06 kB         155 kB
Γö£ ╞Æ /admin/dashboard/contact                  7.67 kB         165 kB
Γö£ Γùï /admin/dashboard/courses                  8.32 kB         191 kB
Γö£ Γùï /admin/dashboard/notification             4.66 kB         154 kB
Γö£ Γùï /admin/dashboard/security                 5.44 kB         155 kB
Γö£ ╞Æ /admin/dashboard/students                 6.11 kB         159 kB
Γö£ ╞Æ /admin/dashboard/testimonials             9.16 kB         192 kB
Γö£ Γùï /admin/dashboard/updates                  10.5 kB         193 kB
Γö£ Γùï /admin/gallery                             4.9 kB         155 kB
Γö£ ╞Æ /admin/tests                                319 B         102 kB
Γö£ ╞Æ /admin/tests/[id]/edit                      319 B         102 kB
Γö£ ╞Æ /admin/tests/new                            319 B         102 kB
Γö£ ╞Æ /api/admin/blog                             319 B         102 kB
Γö£ ╞Æ /api/admin/courses-pricing                  319 B         102 kB
Γö£ ╞Æ /api/admin/update-course                    319 B         102 kB
Γö£ ╞Æ /api/analytics/courses                      319 B         102 kB
Γö£ ╞Æ /api/auth/[...nextauth]                     319 B         102 kB
Γö£ ╞Æ /api/auth/change-password                   319 B         102 kB
Γö£ ╞Æ /api/auth/device-reset-request              319 B         102 kB
Γö£ ╞Æ /api/auth/login                             319 B         102 kB
Γö£ ╞Æ /api/auth/logout                            319 B         102 kB
Γö£ ╞Æ /api/auth/reset-device                      319 B         102 kB
Γö£ ╞Æ /api/auth/shared-session                    319 B         102 kB
Γö£ ╞Æ /api/auth/signup                            319 B         102 kB
Γö£ ╞Æ /api/auth/student-session                   319 B         102 kB
Γö£ ╞Æ /api/auth/suspended-contact/request         319 B         102 kB
Γö£ ╞Æ /api/auth/suspended-contact/verify          319 B         102 kB
Γö£ ╞Æ /api/blog                                   319 B         102 kB
Γö£ ╞Æ /api/blog/[slug]                            319 B         102 kB
Γö£ ╞Æ /api/blog/[slug]/comments                   319 B         102 kB
Γö£ ╞Æ /api/blog/[slug]/view                       319 B         102 kB
Γö£ ╞Æ /api/blog/featured                          319 B         102 kB
Γö£ ╞Æ /api/blog/related                           319 B         102 kB
Γö£ ╞Æ /api/chat                                   319 B         102 kB
Γö£ ╞Æ /api/checkout-link                          319 B         102 kB
Γö£ ╞Æ /api/courses                                319 B         102 kB
Γö£ ╞Æ /api/courses/[id]                           319 B         102 kB
Γö£ ╞Æ /api/courses/[id]/enroll-click              319 B         102 kB
Γö£ ╞Æ /api/courses/[id]/share                     319 B         102 kB
Γö£ ╞Æ /api/courses/[id]/view                      319 B         102 kB
Γö£ ╞Æ /api/feed                                   319 B         102 kB
Γö£ ╞Æ /api/health                                 319 B         102 kB
Γö£ ╞Æ /api/hero                                   319 B         102 kB
Γö£ ╞Æ /api/images                                 319 B         102 kB
Γö£ ╞Æ /api/images/[id]                            319 B         102 kB
Γö£ ╞Æ /api/images/seed                            319 B         102 kB
Γö£ ╞Æ /api/monitoring/metrics                     319 B         102 kB
Γö£ ╞Æ /api/pages/[slug]                           319 B         102 kB
Γö£ ╞Æ /api/pages/analytics                        319 B         102 kB
Γö£ ╞Æ /api/pages/blog                             319 B         102 kB
Γö£ ╞Æ /api/pages/community                        319 B         102 kB
Γö£ ╞Æ /api/pages/gallery                          319 B         102 kB
Γö£ ╞Æ /api/pages/updates                          319 B         102 kB
Γö£ ╞Æ /api/security/block                         319 B         102 kB
Γö£ ╞Æ /api/security/events                        319 B         102 kB
Γö£ ╞Æ /api/security/kill-switch                   319 B         102 kB
Γö£ ╞Æ /api/security/live                          319 B         102 kB
Γö£ ╞Æ /api/security/overview                      319 B         102 kB
Γö£ ╞Æ /api/security/traffic                       319 B         102 kB
Γö£ ╞Æ /api/security/visits                        319 B         102 kB
Γö£ ╞Æ /api/security/whitelist                     319 B         102 kB
Γö£ ╞Æ /api/site-settings                          319 B         102 kB
Γö£ ╞Æ /api/updates                                319 B         102 kB
Γö£ ╞Æ /api/updates/[id]                           319 B         102 kB
Γö£ ╞Æ /api/youtube/latest                         319 B         102 kB
Γö£ ╞Æ /bcece-le                                 7.71 kB         209 kB
Γö£ Γùï /bcecele                                    319 B         102 kB
Γö£ Γùï /blog                                     5.54 kB         211 kB          2m      1y
Γö£ ╞Æ /blog/[slug]                              3.79 kB         205 kB
Γö£ Γùï /community                                5.56 kB         207 kB
Γö£ Γùï /community/hub                             3.2 kB         156 kB
Γö£ Γùï /contact                                  3.87 kB         205 kB
Γö£ ╞Æ /courses                                  9.87 kB         198 kB
Γö£ ΓùÅ /courses/[slug]                           6.83 kB         208 kB         10m      1y
Γö£   Γö£ /courses/advanced-react-patterns                                       10m      1y
Γö£   Γö£ /courses/web-development-masterclass                                   10m      1y
Γö£   Γö£ /courses/data-science-machine-learning                                 10m      1y
Γö£   Γöö [+4 more paths]
Γö£ Γùï /courses/development                      4.47 kB         158 kB
Γö£ Γùï /coursese                                   319 B         102 kB
Γö£ ╞Æ /faq                                      2.85 kB         206 kB
Γö£ Γùï /login                                    3.66 kB         179 kB
Γö£ Γùï /login/suspended-contact                  4.53 kB         176 kB
Γö£ ╞Æ /login/suspended-contact/[token]           4.5 kB         176 kB
Γö£ Γùï /privacy-and-policy                         319 B         102 kB
Γö£ ╞Æ /privacy-policy                             205 B         202 kB
Γö£ Γùï /robots.txt                                 319 B         102 kB
Γö£ ╞Æ /search                                     154 B         166 kB
Γö£ Γùï /signup                                   2.78 kB         178 kB
Γö£ Γùï /sitemap.xml                                319 B         102 kB          1h      1y
Γö£ ╞Æ /student/courses                          2.25 kB         155 kB
Γö£ Γùï /student/edit                              5.2 kB         158 kB
Γö£ ╞Æ /student/login                              319 B         102 kB
Γö£ ╞Æ /student/notifications                    2.25 kB         155 kB
Γö£ ╞Æ /terms-of-service                           205 B         202 kB
Γö£ Γùï /topic                                    1.87 kB         155 kB          5m      1y
Γö£ ΓùÅ /topic/[topic]                              153 B         166 kB
Γö£   Γö£ /topic/10th-career
Γö£   Γö£ /topic/bihar-education
Γö£   Γö£ /topic/bihar-polytechnic
Γö£   Γöö [+23 more paths]
Γö£ Γùï /tos                                        319 B         102 kB
Γö£ Γùï /updates                                  9.04 kB         210 kB
Γöö Γùï /xmartyadmin                              1.84 kB         203 kB
+ First Load JS shared by all                  102 kB
  Γö£ chunks/1684-1a0cfce8397c4407.js           46.6 kB
  Γö£ chunks/4bd1b696-a225de4204b34b12.js       53.2 kB
  Γöö other shared chunks (total)               2.19 kB


╞Æ Middleware                                  62.7 kB

Γùï  (Static)   prerendered as static content
ΓùÅ  (SSG)      prerendered as static HTML (uses generateStaticParams)
╞Æ  (Dynamic)  server-rendered on demand

